exports[`<MessageList /> renders correct UI when passed a list of messages 1`] = `
<ul
  className="list">
  <li
    className="item">
    User #0
    : 
    Message #0
  </li>
  <li
    className="item">
    User #1
    : 
    Message #1
  </li>
  <li
    className="item">
    User #2
    : 
    Message #2
  </li>
</ul>
`;

exports[`<MessageList /> renders correct UI with default props 1`] = `
<ul
  className="list" />
`;
